{
  "version": "1.5.0",
  "plugins_used": [
    {
      "name": "ArtifactoryDetector"
    },
    {
      "name": "AWSKeyDetector"
    },
    {
      "name": "AzureStorageKeyDetector"
    },
    {
      "name": "Base64HighEntropyString",
      "limit": 4.5
    },
    {
      "name": "BasicAuthDetector"
    },
    {
      "name": "CloudantDetector"
    },
    {
      "name": "DiscordBotTokenDetector"
    },
    {
      "name": "GitHubTokenDetector"
    },
    {
      "name": "GitLabTokenDetector"
    },
    {
      "name": "HexHighEntropyString",
      "limit": 3.0
    },
    {
      "name": "IbmCloudIamDetector"
    },
    {
      "name": "IbmCosHmacDetector"
    },
    {
      "name": "IPPublicDetector"
    },
    {
      "name": "JwtTokenDetector"
    },
    {
      "name": "KeywordDetector",
      "keyword_exclude": ""
    },
    {
      "name": "MailchimpDetector"
    },
    {
      "name": "NpmDetector"
    },
    {
      "name": "OpenAIDetector"
    },
    {
      "name": "PrivateKeyDetector"
    },
    {
      "name": "PypiTokenDetector"
    },
    {
      "name": "SendGridDetector"
    },
    {
      "name": "SlackDetector"
    },
    {
      "name": "SoftlayerDetector"
    },
    {
      "name": "SquareOAuthDetector"
    },
    {
      "name": "StripeDetector"
    },
    {
      "name": "TelegramBotTokenDetector"
    },
    {
      "name": "TwilioKeyDetector"
    }
  ],
  "filters_used": [
    {
      "path": "detect_secrets.filters.allowlist.is_line_allowlisted"
    },
    {
      "path": "detect_secrets.filters.common.is_ignored_due_to_verification_policies",
      "min_level": 2
    },
    {
      "path": "detect_secrets.filters.heuristic.is_indirect_reference"
    },
    {
      "path": "detect_secrets.filters.heuristic.is_likely_id_string"
    },
    {
      "path": "detect_secrets.filters.heuristic.is_lock_file"
    },
    {
      "path": "detect_secrets.filters.heuristic.is_not_alphanumeric_string"
    },
    {
      "path": "detect_secrets.filters.heuristic.is_potential_uuid"
    },
    {
      "path": "detect_secrets.filters.heuristic.is_prefixed_with_dollar_sign"
    },
    {
      "path": "detect_secrets.filters.heuristic.is_sequential_string"
    },
    {
      "path": "detect_secrets.filters.heuristic.is_swagger_file"
    },
    {
      "path": "detect_secrets.filters.heuristic.is_templated_secret"
    },
    {
      "path": "detect_secrets.filters.regex.should_exclude_file",
      "pattern": [
        "(^|/)(uv\\.lock|package-lock\\.json|node_modules|\\.venv|research/runtime_events|research/runtime|research/reports)/"
      ]
    }
  ],
  "results": {
    "aria_designer/tools/generate_adaptive_lane_workflows.py": [
      {
        "type": "Hex High Entropy String",
        "filename": "aria_designer/tools/generate_adaptive_lane_workflows.py",
        "hashed_secret": "c527070ed982e1c8f638d8e4191f148d25721189",
        "is_verified": false,
        "line_number": 120
      }
    ],
    "aria_designer/workflows/generated/adaptive_lane_benchmark_report.json": [
      {
        "type": "Hex High Entropy String",
        "filename": "aria_designer/workflows/generated/adaptive_lane_benchmark_report.json",
        "hashed_secret": "348e62c32c935651dfd472b041567547e740d0dd",
        "is_verified": false,
        "line_number": 15
      },
      {
        "type": "Hex High Entropy String",
        "filename": "aria_designer/workflows/generated/adaptive_lane_benchmark_report.json",
        "hashed_secret": "2a4bafca0dbdc6900b59582b7916ba4afc93366c",
        "is_verified": false,
        "line_number": 80
      },
      {
        "type": "Hex High Entropy String",
        "filename": "aria_designer/workflows/generated/adaptive_lane_benchmark_report.json",
        "hashed_secret": "7dd9c9a317e6a316612ecaadd1cded44280f72c7",
        "is_verified": false,
        "line_number": 145
      },
      {
        "type": "Hex High Entropy String",
        "filename": "aria_designer/workflows/generated/adaptive_lane_benchmark_report.json",
        "hashed_secret": "44a22b4f7e2c4ee458e50563b3872a07ade9a532",
        "is_verified": false,
        "line_number": 210
      }
    ],
    "aria_designer/workflows/generated/bulk_rescore_novelty_smoke.json": [
      {
        "type": "Hex High Entropy String",
        "filename": "aria_designer/workflows/generated/bulk_rescore_novelty_smoke.json",
        "hashed_secret": "8acc5a6b34fc3eb02a606a0acb10dc3ea3333ed3",
        "is_verified": false,
        "line_number": 32
      },
      {
        "type": "Hex High Entropy String",
        "filename": "aria_designer/workflows/generated/bulk_rescore_novelty_smoke.json",
        "hashed_secret": "c527070ed982e1c8f638d8e4191f148d25721189",
        "is_verified": false,
        "line_number": 50
      },
      {
        "type": "Hex High Entropy String",
        "filename": "aria_designer/workflows/generated/bulk_rescore_novelty_smoke.json",
        "hashed_secret": "b85b6366b9b531bdf217697e5c492b32b4159f6c",
        "is_verified": false,
        "line_number": 68
      },
      {
        "type": "Hex High Entropy String",
        "filename": "aria_designer/workflows/generated/bulk_rescore_novelty_smoke.json",
        "hashed_secret": "1c692876eb6de10cd070db1af3817e89f8af67a2",
        "is_verified": false,
        "line_number": 86
      }
    ],
    "aria_designer/workflows/generated/full_scoring_results.json": [
      {
        "type": "Hex High Entropy String",
        "filename": "aria_designer/workflows/generated/full_scoring_results.json",
        "hashed_secret": "348e62c32c935651dfd472b041567547e740d0dd",
        "is_verified": false,
        "line_number": 4
      },
      {
        "type": "Hex High Entropy String",
        "filename": "aria_designer/workflows/generated/full_scoring_results.json",
        "hashed_secret": "28b69eef4bcecd9246add2e7baa7dd335b538318",
        "is_verified": false,
        "line_number": 25
      },
      {
        "type": "Hex High Entropy String",
        "filename": "aria_designer/workflows/generated/full_scoring_results.json",
        "hashed_secret": "1b109dd5afef651c48314a66be90f0090499a6f1",
        "is_verified": false,
        "line_number": 46
      },
      {
        "type": "Hex High Entropy String",
        "filename": "aria_designer/workflows/generated/full_scoring_results.json",
        "hashed_secret": "120ac0f4d3617bfa804f75ad856a985b650b7604",
        "is_verified": false,
        "line_number": 88
      },
      {
        "type": "Hex High Entropy String",
        "filename": "aria_designer/workflows/generated/full_scoring_results.json",
        "hashed_secret": "22273c843729564f5400a2ef1e094bf8269592ed",
        "is_verified": false,
        "line_number": 109
      },
      {
        "type": "Hex High Entropy String",
        "filename": "aria_designer/workflows/generated/full_scoring_results.json",
        "hashed_secret": "0fe54d42e8a64e95511a2cdc87836f121d4ab0e2",
        "is_verified": false,
        "line_number": 130
      }
    ],
    "aria_designer/workflows/generated/random_rescore_novelty_report.json": [
      {
        "type": "Hex High Entropy String",
        "filename": "aria_designer/workflows/generated/random_rescore_novelty_report.json",
        "hashed_secret": "b85b6366b9b531bdf217697e5c492b32b4159f6c",
        "is_verified": false,
        "line_number": 16
      },
      {
        "type": "Hex High Entropy String",
        "filename": "aria_designer/workflows/generated/random_rescore_novelty_report.json",
        "hashed_secret": "639159ae6b586fe65f695c2cd4be9d360aa12bc6",
        "is_verified": false,
        "line_number": 30
      },
      {
        "type": "Hex High Entropy String",
        "filename": "aria_designer/workflows/generated/random_rescore_novelty_report.json",
        "hashed_secret": "8f046279a128e6fa9b5a8f6a0c5e89b5c40684c3",
        "is_verified": false,
        "line_number": 44
      },
      {
        "type": "Hex High Entropy String",
        "filename": "aria_designer/workflows/generated/random_rescore_novelty_report.json",
        "hashed_secret": "f7587da570fe20ca64f535dbf0746ef4b7a9f506",
        "is_verified": false,
        "line_number": 58
      },
      {
        "type": "Hex High Entropy String",
        "filename": "aria_designer/workflows/generated/random_rescore_novelty_report.json",
        "hashed_secret": "4fff6dfa5d97391fb0f89f7e0a9e7a795d104e5b",
        "is_verified": false,
        "line_number": 86
      },
      {
        "type": "Hex High Entropy String",
        "filename": "aria_designer/workflows/generated/random_rescore_novelty_report.json",
        "hashed_secret": "1c692876eb6de10cd070db1af3817e89f8af67a2",
        "is_verified": false,
        "line_number": 114
      },
      {
        "type": "Hex High Entropy String",
        "filename": "aria_designer/workflows/generated/random_rescore_novelty_report.json",
        "hashed_secret": "73ac4c29a98dec3fcba4c2c23eed5f046fa49207",
        "is_verified": false,
        "line_number": 128
      },
      {
        "type": "Hex High Entropy String",
        "filename": "aria_designer/workflows/generated/random_rescore_novelty_report.json",
        "hashed_secret": "c527070ed982e1c8f638d8e4191f148d25721189",
        "is_verified": false,
        "line_number": 142
      },
      {
        "type": "Hex High Entropy String",
        "filename": "aria_designer/workflows/generated/random_rescore_novelty_report.json",
        "hashed_secret": "a1857c7ad0a22eca6895caa6cde35fe9611c9e75",
        "is_verified": false,
        "line_number": 156
      },
      {
        "type": "Hex High Entropy String",
        "filename": "aria_designer/workflows/generated/random_rescore_novelty_report.json",
        "hashed_secret": "6d81d8024c0c95b8183ecfba7b53a8c5f0a424a0",
        "is_verified": false,
        "line_number": 170
      }
    ],
    "aria_designer/workflows/generated/v5_v8_training_results.json": [
      {
        "type": "Hex High Entropy String",
        "filename": "aria_designer/workflows/generated/v5_v8_training_results.json",
        "hashed_secret": "28b69eef4bcecd9246add2e7baa7dd335b538318",
        "is_verified": false,
        "line_number": 8
      },
      {
        "type": "Hex High Entropy String",
        "filename": "aria_designer/workflows/generated/v5_v8_training_results.json",
        "hashed_secret": "1b109dd5afef651c48314a66be90f0090499a6f1",
        "is_verified": false,
        "line_number": 16
      },
      {
        "type": "Hex High Entropy String",
        "filename": "aria_designer/workflows/generated/v5_v8_training_results.json",
        "hashed_secret": "120ac0f4d3617bfa804f75ad856a985b650b7604",
        "is_verified": false,
        "line_number": 32
      }
    ],
    "aria_designer/workflows/generated/wf_adaptive_lane_moe_v1.json": [
      {
        "type": "Hex High Entropy String",
        "filename": "aria_designer/workflows/generated/wf_adaptive_lane_moe_v1.json",
        "hashed_secret": "c527070ed982e1c8f638d8e4191f148d25721189",
        "is_verified": false,
        "line_number": 8
      }
    ],
    "aria_designer/workflows/generated/wf_adaptive_lane_moe_v2.json": [
      {
        "type": "Hex High Entropy String",
        "filename": "aria_designer/workflows/generated/wf_adaptive_lane_moe_v2.json",
        "hashed_secret": "c527070ed982e1c8f638d8e4191f148d25721189",
        "is_verified": false,
        "line_number": 8
      }
    ],
    "aria_designer/workflows/generated/wf_adaptive_lane_moe_v3.json": [
      {
        "type": "Hex High Entropy String",
        "filename": "aria_designer/workflows/generated/wf_adaptive_lane_moe_v3.json",
        "hashed_secret": "c527070ed982e1c8f638d8e4191f148d25721189",
        "is_verified": false,
        "line_number": 8
      }
    ],
    "aria_designer/workflows/generated/wf_adaptive_lane_moe_v4.json": [
      {
        "type": "Hex High Entropy String",
        "filename": "aria_designer/workflows/generated/wf_adaptive_lane_moe_v4.json",
        "hashed_secret": "c527070ed982e1c8f638d8e4191f148d25721189",
        "is_verified": false,
        "line_number": 8
      }
    ],
    "aria_designer/workflows/generated/wf_adaptive_lane_v5_rwkv.json": [
      {
        "type": "Hex High Entropy String",
        "filename": "aria_designer/workflows/generated/wf_adaptive_lane_v5_rwkv.json",
        "hashed_secret": "c527070ed982e1c8f638d8e4191f148d25721189",
        "is_verified": false,
        "line_number": 7
      }
    ],
    "aria_designer/workflows/generated/wf_adaptive_lane_v6_balanced_moe.json": [
      {
        "type": "Hex High Entropy String",
        "filename": "aria_designer/workflows/generated/wf_adaptive_lane_v6_balanced_moe.json",
        "hashed_secret": "c527070ed982e1c8f638d8e4191f148d25721189",
        "is_verified": false,
        "line_number": 7
      }
    ],
    "aria_designer/workflows/generated/wf_adaptive_lane_v7_bottleneck.json": [
      {
        "type": "Hex High Entropy String",
        "filename": "aria_designer/workflows/generated/wf_adaptive_lane_v7_bottleneck.json",
        "hashed_secret": "c527070ed982e1c8f638d8e4191f148d25721189",
        "is_verified": false,
        "line_number": 7
      }
    ],
    "aria_designer/workflows/generated/wf_adaptive_lane_v8_ultra_bottleneck.json": [
      {
        "type": "Hex High Entropy String",
        "filename": "aria_designer/workflows/generated/wf_adaptive_lane_v8_ultra_bottleneck.json",
        "hashed_secret": "c527070ed982e1c8f638d8e4191f148d25721189",
        "is_verified": false,
        "line_number": 7
      }
    ],
    "aria_designer/workflows/generated/wf_evo3_champion.json": [
      {
        "type": "Hex High Entropy String",
        "filename": "aria_designer/workflows/generated/wf_evo3_champion.json",
        "hashed_secret": "c527070ed982e1c8f638d8e4191f148d25721189",
        "is_verified": false,
        "line_number": 7
      }
    ],
    "aria_designer/workflows/generated/wf_evo_best_1.json": [
      {
        "type": "Hex High Entropy String",
        "filename": "aria_designer/workflows/generated/wf_evo_best_1.json",
        "hashed_secret": "c527070ed982e1c8f638d8e4191f148d25721189",
        "is_verified": false,
        "line_number": 7
      }
    ],
    "aria_designer/workflows/generated/wf_evo_best_2.json": [
      {
        "type": "Hex High Entropy String",
        "filename": "aria_designer/workflows/generated/wf_evo_best_2.json",
        "hashed_secret": "c527070ed982e1c8f638d8e4191f148d25721189",
        "is_verified": false,
        "line_number": 7
      }
    ],
    "aria_designer/workflows/generated/wf_evo_best_3.json": [
      {
        "type": "Hex High Entropy String",
        "filename": "aria_designer/workflows/generated/wf_evo_best_3.json",
        "hashed_secret": "c527070ed982e1c8f638d8e4191f148d25721189",
        "is_verified": false,
        "line_number": 7
      }
    ],
    "aria_designer/workflows/generated/wf_evo_champion.json": [
      {
        "type": "Hex High Entropy String",
        "filename": "aria_designer/workflows/generated/wf_evo_champion.json",
        "hashed_secret": "c527070ed982e1c8f638d8e4191f148d25721189",
        "is_verified": false,
        "line_number": 7
      }
    ],
    "research/scientist/api_routes/config_bp.py": [
      {
        "type": "Secret Keyword",
        "filename": "research/scientist/api_routes/config_bp.py",
        "hashed_secret": "f8ca0d7266886f4b5be9adddc9b66017b3bf1a4b",
        "is_verified": false,
        "line_number": 110
      }
    ],
    "research/scientist/naming.py": [
      {
        "type": "Hex High Entropy String",
        "filename": "research/scientist/naming.py",
        "hashed_secret": "348768a5fcc034778fa22b9d3a6f7d9726519f06",
        "is_verified": false,
        "line_number": 5
      }
    ],
    "research/tests/test_persona_integration.py": [
      {
        "type": "Secret Keyword",
        "filename": "research/tests/test_persona_integration.py",
        "hashed_secret": "3acfb2c2b433c0ea7ff107e33df91b18e52f960f",
        "is_verified": false,
        "line_number": 374
      }
    ],
    "research/tools/calibrate_intermediate_probes.py": [
      {
        "type": "Hex High Entropy String",
        "filename": "research/tools/calibrate_intermediate_probes.py",
        "hashed_secret": "c7a50910008be279b954876c5174d006ad14f41c",
        "is_verified": false,
        "line_number": 143
      },
      {
        "type": "Hex High Entropy String",
        "filename": "research/tools/calibrate_intermediate_probes.py",
        "hashed_secret": "b501394486eb69c68bfd2b0546b06fc13b9ff9e4",
        "is_verified": false,
        "line_number": 157
      },
      {
        "type": "Base64 High Entropy String",
        "filename": "research/tools/calibrate_intermediate_probes.py",
        "hashed_secret": "b5a727137a14dc47e39fa0e711526f5d554619df",
        "is_verified": false,
        "line_number": 173
      }
    ],
    "research/tools/resume_bim_f86a_longrun.py": [
      {
        "type": "Hex High Entropy String",
        "filename": "research/tools/resume_bim_f86a_longrun.py",
        "hashed_secret": "c7a50910008be279b954876c5174d006ad14f41c",
        "is_verified": false,
        "line_number": 50
      }
    ],
    "research/tools/run_bim_scale_experiment.py": [
      {
        "type": "Hex High Entropy String",
        "filename": "research/tools/run_bim_scale_experiment.py",
        "hashed_secret": "b501394486eb69c68bfd2b0546b06fc13b9ff9e4",
        "is_verified": false,
        "line_number": 101
      },
      {
        "type": "Hex High Entropy String",
        "filename": "research/tools/run_bim_scale_experiment.py",
        "hashed_secret": "c7a50910008be279b954876c5174d006ad14f41c",
        "is_verified": false,
        "line_number": 109
      },
      {
        "type": "Hex High Entropy String",
        "filename": "research/tools/run_bim_scale_experiment.py",
        "hashed_secret": "12381e0423e6e0c8668d8cd0461d6e84b5e6ce08",
        "is_verified": false,
        "line_number": 117
      }
    ],
    "research/tools/top10_canary.py": [
      {
        "type": "Hex High Entropy String",
        "filename": "research/tools/top10_canary.py",
        "hashed_secret": "250592a40bd0640344abe849a9cef5b4c5b3f51c",
        "is_verified": false,
        "line_number": 23
      },
      {
        "type": "Hex High Entropy String",
        "filename": "research/tools/top10_canary.py",
        "hashed_secret": "c3feadc69ae4f6b227ef40cc9df6dacd6b86fa1f",
        "is_verified": false,
        "line_number": 24
      },
      {
        "type": "Hex High Entropy String",
        "filename": "research/tools/top10_canary.py",
        "hashed_secret": "c7a50910008be279b954876c5174d006ad14f41c",
        "is_verified": false,
        "line_number": 27
      },
      {
        "type": "Hex High Entropy String",
        "filename": "research/tools/top10_canary.py",
        "hashed_secret": "52279b5cb24a027df844ace00479967521be7ad8",
        "is_verified": false,
        "line_number": 28
      },
      {
        "type": "Hex High Entropy String",
        "filename": "research/tools/top10_canary.py",
        "hashed_secret": "1c3e2ad83b0cb1750e9603c841be78b4676971ea",
        "is_verified": false,
        "line_number": 29
      },
      {
        "type": "Hex High Entropy String",
        "filename": "research/tools/top10_canary.py",
        "hashed_secret": "5bf3e54d3f9d89864b8d0c69e88641b202b6eba3",
        "is_verified": false,
        "line_number": 30
      },
      {
        "type": "Hex High Entropy String",
        "filename": "research/tools/top10_canary.py",
        "hashed_secret": "c8d98956f9a6c465b8f86bf766201ef7ccc4412b",
        "is_verified": false,
        "line_number": 31
      },
      {
        "type": "Hex High Entropy String",
        "filename": "research/tools/top10_canary.py",
        "hashed_secret": "5a4248b5564f6afde6713fa5a8b80b268af9cd32",
        "is_verified": false,
        "line_number": 32
      }
    ]
  },
  "generated_at": "2026-05-15T17:58:11Z"
}
